initial_state: ../test/initial_state_01.txt
max_food: 0
action: N
reward: 0
F- FH
-b ?B

initial_state: ../test/initial_state_02.txt
max_food: 0
action: S
reward: 0
F- F?
HB HB

initial_state: ../test/initial_state_03.txt
max_food: 0
action: E
reward: 0
H- -H
-B ?B

initial_state: ../test/initial_state_04.txt
max_food: 0
action: W
reward: 0
-- ??
HB HB

initial_state: ../test/initial_state_05.txt
max_food: 0
action: N
reward: 0
-$ ?$
-B ?B

initial_state: ../test/initial_state_06.txt
max_food: 0
action: S
reward: 0
$- -?
-B $B

initial_state: ../test/initial_state_07.txt
max_food: 0
action: E
reward: 0
F- F?
HB -b

initial_state: ../test/initial_state_08.txt
max_food: 0
action: W
reward: 0
-- ??
-* HB

initial_state: ../test/initial_state_09.txt
max_food: 1
action: N
reward: 0
F- FH
-b ?B

initial_state: ../test/initial_state_10.txt
max_food: 1
action: E
reward: 0
FH FH
-B ?B

initial_state: ../test/initial_state_11.txt
max_food: 1
action: N
reward: 0
F- $?
HB FB

initial_state: ../test/initial_state_12.txt
max_food: 1
action: S
reward: 0
$F -F
-B $B

initial_state: ../test/initial_state_13.txt
max_food: 1
action: N
reward: 0
F# F#
-b ?b

initial_state: ../test/initial_state_14.txt
max_food: 1
action: N
reward: 0
F# $#
HB FB

initial_state: ../test/initial_state_15.txt
max_food: 1
action: W
reward: 0
$# $#
FB FB

initial_state: ../test/initial_state_16.txt
max_food: 1
action: N
reward: 50
F# F#
-* ?*

initial_state: ../test/initial_state_17.txt
max_food: 1
action: N
reward: 0
F#-- F#??
-#-- ?#??
---- ???H
-#-b ?#?B

initial_state: ../test/initial_state_18.txt
max_food: 1
action: S
reward: 0
F#H- F#-?
-#-- ?#H?
---- ????
-#-B ?#?B

initial_state: ../test/initial_state_19.txt
max_food: 1
action: E
reward: 0
F#-- F#??
-#-- ?#??
---- ????
-#-* ?#?b

initial_state: ../test/initial_state_20.txt
max_food: 1
action: E
reward: 0
F#-- F#??
-#$- ?#-$
---- ????
-#-B ?#?B

initial_state: ../test/initial_state_21.txt
max_food: 1
action: W
reward: 0
F#-- F#??
-#$- ?#$?
---- ????
-#-B ?#?B

initial_state: ../test/initial_state_22.txt
max_food: 1
action: E
reward: 0
F#-- F#??
-#-- ?#??
---- ????
H#-B H#?B

initial_state: ../test/initial_state_23.txt
max_food: 1
action: E
reward: 0
F#-- F#??
-#-- ?#??
--$- ??-$
-#-B ?#?B

initial_state: ../test/initial_state_24.txt
max_food: 1
action: S
reward: 0
F#-- F#??
-#-H ?#?-
---- ???H
-#-B ?#?B

