reality: ../test/baseline_4x4_0_real.world
belief: ../test/baseline_4x4_0_real.world
horizon: 10
sample: 10
max_food: 1
time: 100
seed: 1
known: 1


time: 0
reward: 0
---- ????
---F ???F
---- ????
b--- b???

time: 1
reward: 0
---- ????
---F ???F
H--- H???
B--- B???

time: 2
reward: 0
---- ????
H--F H??F
---- -???
B--- B???

time: 3
reward: 0
---- ????
-H-F -H?F
---- -???
B--- B???

time: 4
reward: 0
---- ????
--HF --HF
---- -???
B--- B???

time: 5
reward: 0
---- ????
---$ ???$
---- ????
B--- B???

time: 6
reward: 0
---- ????
--$- ??$?
---- ????
B--- B???

time: 7
reward: 0
---- ????
-$-- ?$??
---- ????
B--- B???

time: 8
reward: 0
---- ????
$--- $???
---- ????
B--- B???

time: 9
reward: 0
---- ????
---- ????
$--- $???
B--- B???

time: 10
reward: 50
---- ????
---- ????
---- ????
*--- *???

time: 11
reward: 50
---- ????
---- ????
---- ????
BH-- BH??

time: 12
reward: 50
---- ????
---- ????
---- ????
b--- b-??

time: 13
reward: 50
---- ????
---- ????
---- ????
BH-- BH??

time: 14
reward: 50
---- ????
---- ????
---- ????
b--- b-??

time: 15
reward: 50
---- ????
---- ????
H--- H???
B--- B-??

time: 16
reward: 50
---- ????
---- ????
---- -???
b--- b-??

time: 17
reward: 50
---- ????
---- ????
---- -???
BH-- BH??

time: 18
reward: 50
---- ????
---- ????
---- -???
b--- b-??

time: 19
reward: 50
---- ????
---- ????
H--- H???
B--- B-??

time: 20
reward: 50
---- ????
---- ????
---- -???
b--- b-??

time: 21
reward: 50
---- ????
---- ????
H--- H???
B--- B-??

time: 22
reward: 50
---- ????
---- ????
-H-- -H??
B--- B-??

time: 23
reward: 50
---- ????
---- ????
---- --??
BH-- BH??

time: 24
reward: 50
---- ????
---- ????
---- --??
b--- b-??

time: 25
reward: 50
---- ????
---- ????
---- --??
BH-- BH??

time: 26
reward: 50
---- ????
---- ????
---- --??
b--- b-??

time: 27
reward: 50
---- ????
---- ????
---- --??
BH-- BH??

time: 28
reward: 50
---- ????
---- ????
---- --??
b--- b-??

time: 29
reward: 50
---- ????
---- ????
---- --??
BH-- BH??

time: 30
reward: 50
---- ????
---- ????
---- --??
b--- b-??

time: 31
reward: 50
---- ????
---- ????
H--- H-??
B--- B-??

time: 32
reward: 50
---- ????
---- ????
---- --??
b--- b-??

time: 33
reward: 50
---- ????
---- ????
H--- H-??
B--- B-??

time: 34
reward: 50
---- ????
---- ????
---- --??
b--- b-??

time: 35
reward: 50
---- ????
---- ????
---- --??
BH-- BH??

time: 36
reward: 50
---- ????
---- ????
---- --??
b--- b-??

time: 37
reward: 50
---- ????
---- ????
---- --??
BH-- BH??

time: 38
reward: 50
---- ????
---- ????
---- --??
b--- b-??

time: 39
reward: 50
---- ????
---- ????
---- --??
BH-- BH??

time: 40
reward: 50
---- ????
---- ????
---- --??
b--- b-??

time: 41
reward: 50
---- ????
---- ????
H--- H-??
B--- B-??

time: 42
reward: 50
---- ????
---- ????
---- --??
b--- b-??

time: 43
reward: 50
---- ????
---- ????
H--- H-??
B--- B-??

time: 44
reward: 50
---- ????
---- ????
---- --??
b--- b-??

time: 45
reward: 50
---- ????
---- ????
---- --??
BH-- BH??

time: 46
reward: 50
---- ????
---- ????
---- --??
b--- b-??

time: 47
reward: 50
---- ????
---- ????
---- --??
BH-- BH??

time: 48
reward: 50
---- ????
---- ????
---- --??
b--- b-??

time: 49
reward: 50
---- ????
---- ????
---- --??
BH-- BH??

time: 50
reward: 50
---- ????
---- ????
---- --??
b--- b-??

time: 51
reward: 50
---- ????
---- ????
H--- H-??
B--- B-??

time: 52
reward: 50
---- ????
---- ????
---- --??
b--- b-??

time: 53
reward: 50
---- ????
---- ????
H--- H-??
B--- B-??

time: 54
reward: 50
---- ????
---- ????
---- --??
b--- b-??

time: 55
reward: 50
---- ????
---- ????
H--- H-??
B--- B-??

time: 56
reward: 50
---- ????
---- ????
---- --??
b--- b-??

time: 57
reward: 50
---- ????
---- ????
H--- H-??
B--- B-??

time: 58
reward: 50
---- ????
---- ????
---- --??
b--- b-??

time: 59
reward: 50
---- ????
---- ????
H--- H-??
B--- B-??

time: 60
reward: 50
---- ????
---- ????
---- --??
b--- b-??

time: 61
reward: 50
---- ????
---- ????
---- --??
BH-- BH??

time: 62
reward: 50
---- ????
---- ????
---- --??
b--- b-??

time: 63
reward: 50
---- ????
---- ????
H--- H-??
B--- B-??

time: 64
reward: 50
---- ????
---- ????
---- --??
b--- b-??

time: 65
reward: 50
---- ????
---- ????
---- --??
BH-- BH??

time: 66
reward: 50
---- ????
---- ????
---- --??
b--- b-??

time: 67
reward: 50
---- ????
---- ????
H--- H-??
B--- B-??

time: 68
reward: 50
---- ????
---- ????
---- --??
b--- b-??

time: 69
reward: 50
---- ????
---- ????
---- --??
BH-- BH??

time: 70
reward: 50
---- ????
---- ????
---- --??
b--- b-??

time: 71
reward: 50
---- ????
---- ????
H--- H-??
B--- B-??

time: 72
reward: 50
---- ????
---- ????
---- --??
b--- b-??

time: 73
reward: 50
---- ????
---- ????
H--- H-??
B--- B-??

time: 74
reward: 50
---- ????
---- ????
---- --??
b--- b-??

time: 75
reward: 50
---- ????
---- ????
H--- H-??
B--- B-??

time: 76
reward: 50
---- ????
---- ????
---- --??
b--- b-??

time: 77
reward: 50
---- ????
---- ????
---- --??
BH-- BH??

time: 78
reward: 50
---- ????
---- ????
-H-- -H??
B--- B-??

time: 79
reward: 50
---- ????
---- ????
H--- H-??
B--- B-??

time: 80
reward: 50
---- ????
---- ????
---- --??
b--- b-??

time: 81
reward: 50
---- ????
---- ????
---- --??
BH-- BH??

time: 82
reward: 50
---- ????
---- ????
---- --??
b--- b-??

time: 83
reward: 50
---- ????
---- ????
---- --??
BH-- BH??

time: 84
reward: 50
---- ????
---- ????
---- --??
b--- b-??

time: 85
reward: 50
---- ????
---- ????
H--- H-??
B--- B-??

time: 86
reward: 50
---- ????
---- ????
---- --??
b--- b-??

time: 87
reward: 50
---- ????
---- ????
H--- H-??
B--- B-??

time: 88
reward: 50
---- ????
---- ????
---- --??
b--- b-??

time: 89
reward: 50
---- ????
---- ????
---- --??
BH-- BH??

time: 90
reward: 50
---- ????
---- ????
---- --??
b--- b-??

time: 91
reward: 50
---- ????
---- ????
H--- H-??
B--- B-??

time: 92
reward: 50
---- ????
---- ????
---- --??
b--- b-??

time: 93
reward: 50
---- ????
---- ????
H--- H-??
B--- B-??

time: 94
reward: 50
---- ????
---- ????
---- --??
b--- b-??

time: 95
reward: 50
---- ????
---- ????
H--- H-??
B--- B-??

time: 96
reward: 50
---- ????
---- ????
---- --??
b--- b-??

time: 97
reward: 50
---- ????
---- ????
---- --??
BH-- BH??

time: 98
reward: 50
---- ????
---- ????
---- --??
b--- b-??

time: 99
reward: 50
---- ????
---- ????
H--- H-??
B--- B-??

time: 100
reward: 50
---- ????
---- ????
---- --??
b--- b-??

total reward: 50

reality: ../test/baseline_4x4_1_real.world
belief: ../test/baseline_4x4_1_real.world
horizon: 10
sample: 10
max_food: 1
time: 100
seed: 1
known: 1


time: 0
reward: 0
---- ????
-b-- ?b??
---- ????
--F- ??F?

time: 1
reward: 0
---- ????
HB-- HB??
---- ????
--F- ??F?

time: 2
reward: 0
---- ????
-b-- -b??
---- ????
--F- ??F?

time: 3
reward: 0
---- ????
-B-- -B??
-H-- ?H??
--F- ??F?

time: 4
reward: 0
---- ????
-b-- -b??
---- ?-??
--F- ??F?

time: 5
reward: 0
-H-- ?H??
-B-- -B??
---- ?-??
--F- ??F?

time: 6
reward: 0
---- ?-??
-b-- -b??
---- ?-??
--F- ??F?

time: 7
reward: 0
---- ?-??
-B-- -B??
-H-- ?H??
--F- ??F?

time: 8
reward: 0
---- ?-??
-b-- -b??
---- ?-??
--F- ??F?

time: 9
reward: 0
---- ?-??
HB-- HB??
---- ?-??
--F- ??F?

reality: ../test/baseline_4x4_2_real.world
belief: ../test/baseline_4x4_2_real.world
horizon: 10
sample: 10
max_food: 1
time: 100
seed: 1
known: 1


time: 0
reward: 0
b--- b???
---F ???F
---- ????
---- ????

time: 1
reward: 0
B--- B???
H--F H??F
---- ????
---- ????

time: 2
reward: 0
B--- B???
-H-F -H?F
---- ????
---- ????

time: 3
reward: 0
B--- B???
--HF --HF
---- ????
---- ????

time: 4
reward: 0
B--- B???
---$ ???$
---- ????
---- ????

reality: ../test/baseline_4x4_3_real.world
belief: ../test/baseline_4x4_3_real.world
horizon: 10
sample: 10
max_food: 1
time: 100
seed: 1
known: 1


time: 0
reward: 0
---b ???b
---- ????
-F-- ?F??
---- ????

reality: ../test/baseline_4x4_4_real.world
belief: ../test/baseline_4x4_4_real.world
horizon: 10
sample: 10
max_food: 1
time: 100
seed: 1
known: 1


time: 0
reward: 0
---F ???F
---- ????
---- ????
b--- b???

reality: ../test/baseline_4x4_5_real.world
belief: ../test/baseline_4x4_5_real.world
horizon: 10
sample: 10
max_food: 1
time: 100
seed: 1
known: 1


time: 0
reward: 0
---- ????
---F ???F
b--- b???
---- ????

reality: ../test/baseline_4x4_6_real.world
belief: ../test/baseline_4x4_6_real.world
horizon: 10
sample: 10
max_food: 1
time: 100
seed: 1
known: 1


time: 0
reward: 0
F--- F???
b--- b???
---- ????
---- ????

reality: ../test/baseline_4x4_7_real.world
belief: ../test/baseline_4x4_7_real.world
horizon: 10
sample: 10
max_food: 1
time: 100
seed: 1
known: 1


time: 0
reward: 0
F--- F???
-b-- ?b??
---- ????
---- ????

reality: ../test/baseline_4x4_8_real.world
belief: ../test/baseline_4x4_8_real.world
horizon: 10
sample: 10
max_food: 1
time: 100
seed: 1
known: 1


time: 0
reward: 0
-F-- ?F??
b--- b???
---- ????
---- ????

reality: ../test/baseline_4x4_9_real.world
belief: ../test/baseline_4x4_9_real.world
horizon: 10
sample: 10
max_food: 1
time: 100
seed: 1
known: 1


time: 0
reward: 0
--F- ??F?
---- ????
---b ???b
---- ????

